{
    "sopa_segmentationcellpose - patched zarr": {
        "content": [
            {
                "0": [
                    
                ],
                "cellpose_parquet": [
                    
                ]
            }
        ],
        "meta": {
            "nf-test": "0.9.2",
            "nextflow": "25.04.4"
        },
        "timestamp": "2025-07-17T16:30:26.883119375"
    },
    "sopa_segmentationcellpose - stub": {
        "content": [
            {
                "0": [
                    [
                        {
                            "id": "test"
                        },
                        "0.parquet:md5,d41d8cd98f00b204e9800998ecf8427e"
                    ]
                ],
                "1": [
                    "versions.yml:md5,136a272dcac58a3ea9a0506d60184a4b"
                ],
                "cellpose_parquet": [
                    [
                        {
                            "id": "test"
                        },
                        "0.parquet:md5,d41d8cd98f00b204e9800998ecf8427e"
                    ]
                ],
                "versions": [
                    "versions.yml:md5,136a272dcac58a3ea9a0506d60184a4b"
                ]
            }
        ],
        "meta": {
            "nf-test": "0.9.2",
            "nextflow": "25.04.4"
        },
        "timestamp": "2025-08-20T10:38:28.322212382"
    },
    "sopa_segmentationcellpose - patched zarr - stub": {
        "content": [
            {
                "0": [
                    [
                        {
                            "id": "test"
                        },
                        "0.parquet:md5,d41d8cd98f00b204e9800998ecf8427e"
                    ]
                ],
                "cellpose_parquet": [
                    [
                        {
                            "id": "test"
                        },
                        "0.parquet:md5,d41d8cd98f00b204e9800998ecf8427e"
                    ]
                ]
            }
        ],
        "meta": {
            "nf-test": "0.9.2",
            "nextflow": "25.04.4"
        },
        "timestamp": "2025-07-17T16:37:25.487378741"
    }
}