{
    "sopa_segment_wbacksub - tiff": {
        "content": [
            {
                "0": [
                    [
                        {
                            "id": "test"
                        },
                        "test.geojson:md5,f8a7131bed6d3049423ea9e42ff08771"
                    ]
                ],
                "1": [
                    "versions.yml:md5,68e76b954fa75f68c645487490fb74e9",
                    "versions.yml:md5,e1dadd3df04251a56f391ed9564ff964"
                ],
                "annotations": [
                    [
                        {
                            "id": "test"
                        },
                        "test.geojson:md5,f8a7131bed6d3049423ea9e42ff08771"
                    ]
                ],
                "versions": [
                    "versions.yml:md5,68e76b954fa75f68c645487490fb74e9",
                    "versions.yml:md5,e1dadd3df04251a56f391ed9564ff964"
                ]
            }
        ],
        "meta": {
            "nf-test": "0.9.2",
            "nextflow": "25.04.4"
        },
        "timestamp": "2025-08-07T09:53:54.428883847"
    }
}