{
    "sopa_segment_wbacksub - tiff": {
        "content": [
            {
                "0": [
                    [
                        {
                            "id": "test"
                        },
                        "test.geojson:md5,fc0f12a32b88e87edc147b8390140532"
                    ]
                ],
                "1": [
                    "versions.yml:md5,68e76b954fa75f68c645487490fb74e9",
                    "versions.yml:md5,adbd1f31a95590cdd679b5aeca3d340e"
                ],
                "annotations": [
                    [
                        {
                            "id": "test"
                        },
                        "test.geojson:md5,fc0f12a32b88e87edc147b8390140532"
                    ]
                ],
                "versions": [
                    "versions.yml:md5,68e76b954fa75f68c645487490fb74e9",
                    "versions.yml:md5,adbd1f31a95590cdd679b5aeca3d340e"
                ]
            }
        ],
        "meta": {
            "nf-test": "0.9.2",
            "nextflow": "25.04.4"
        },
        "timestamp": "2025-09-12T14:08:42.799027345"
    }
}