{
    "mesmer_segment - tiff": {
        "content": [
            {
                "0": [
                    [
                        {
                            "id": "test"
                        },
                        "test.geojson:md5,a876fe68af014bf8a82bab89d12e9346"
                    ]
                ],
                "1": [
                    [
                        {
                            "id": "test"
                        },
                        "test_whole-cell.tiff:md5,0620d6860b8092ccb226cf993da8eedd"
                    ]
                ],
                "2": [
                    [
                        {
                            "id": "test"
                        },
                        "test_nuclear.tiff:md5,55619457956dd6a61b65e4601b02b8c1"
                    ]
                ],
                "3": [
                    
                ],
                "annotations": [
                    [
                        {
                            "id": "test"
                        },
                        "test.geojson:md5,a876fe68af014bf8a82bab89d12e9346"
                    ]
                ],
                "nuclear_tif": [
                    [
                        {
                            "id": "test"
                        },
                        "test_nuclear.tiff:md5,55619457956dd6a61b65e4601b02b8c1"
                    ]
                ],
                "versions": [
                    
                ],
                "whole_cell_tif": [
                    [
                        {
                            "id": "test"
                        },
                        "test_whole-cell.tiff:md5,0620d6860b8092ccb226cf993da8eedd"
                    ]
                ]
            }
        ],
        "meta": {
            "nf-test": "0.9.2",
            "nextflow": "25.04.4"
        },
        "timestamp": "2025-07-23T12:52:43.933980982"
    }
}