{
    "segmentationreport - basic functionality": {
        "content": [
            {
                "0": [
                    [
                        {
                            "id": "test"
                        },
                        "test.html:md5,a9dcc4f0e05285e175941496da9533fd"
                    ]
                ],
                "1": [
                    
                ],
                "2": [
                    "versions.yml:md5,a36295eacb48d679e04b9d2c71e4f0eb"
                ],
                "rds": [
                    
                ],
                "report": [
                    [
                        {
                            "id": "test"
                        },
                        "test.html:md5,a9dcc4f0e05285e175941496da9533fd"
                    ]
                ],
                "versions": [
                    "versions.yml:md5,a36295eacb48d679e04b9d2c71e4f0eb"
                ]
            }
        ],
        "meta": {
            "nf-test": "0.9.2",
            "nextflow": "25.04.4"
        },
        "timestamp": "2025-09-12T13:53:30.535917516"
    },
    "segmentationreport - stub": {
        "content": [
            {
                "0": [
                    [
                        {
                            "id": "stub_test"
                        },
                        "stub_test.html:md5,d41d8cd98f00b204e9800998ecf8427e"
                    ]
                ],
                "1": [
                    [
                        {
                            "id": "stub_test"
                        },
                        "stub_test.rds:md5,d41d8cd98f00b204e9800998ecf8427e"
                    ]
                ],
                "2": [
                    "versions.yml:md5,a36295eacb48d679e04b9d2c71e4f0eb"
                ],
                "rds": [
                    [
                        {
                            "id": "stub_test"
                        },
                        "stub_test.rds:md5,d41d8cd98f00b204e9800998ecf8427e"
                    ]
                ],
                "report": [
                    [
                        {
                            "id": "stub_test"
                        },
                        "stub_test.html:md5,d41d8cd98f00b204e9800998ecf8427e"
                    ]
                ],
                "versions": [
                    "versions.yml:md5,a36295eacb48d679e04b9d2c71e4f0eb"
                ]
            }
        ],
        "meta": {
            "nf-test": "0.9.2",
            "nextflow": "25.04.4"
        },
        "timestamp": "2025-09-12T13:53:58.851836612"
    }
}