{
    "sopa_segment - tiff": {
        "content": [
            {
                "0": [
                    [
                        {
                            "id": "test"
                        },
                        "test.geojson:md5,35fc0c73ae7f476d9b3e5b2bbf54f986"
                    ]
                ],
                "1": [
                    [
                        {
                            "id": "test"
                        },
                        "test.html:md5,dfea933270f3217cc4a3772c3cc1b3aa"
                    ]
                ],
                "2": [
                    "versions.yml:md5,4365d84aefd2e681fc09e75b49725961",
                    "versions.yml:md5,7bef09a7858e9f47bf9108e779ddc6a1",
                    "versions.yml:md5,8d1afb48278b1cdb3afdea599f187075",
                    "versions.yml:md5,dd7c9a4feb0c5710a638318159023030",
                    "versions.yml:md5,faeace3d7ca5ba5d9d9ebf3a48c43c24"
                ],
                "annotations": [
                    [
                        {
                            "id": "test"
                        },
                        "test.geojson:md5,35fc0c73ae7f476d9b3e5b2bbf54f986"
                    ]
                ],
                "report": [
                    [
                        {
                            "id": "test"
                        },
                        "test.html:md5,dfea933270f3217cc4a3772c3cc1b3aa"
                    ]
                ],
                "versions": [
                    "versions.yml:md5,4365d84aefd2e681fc09e75b49725961",
                    "versions.yml:md5,7bef09a7858e9f47bf9108e779ddc6a1",
                    "versions.yml:md5,8d1afb48278b1cdb3afdea599f187075",
                    "versions.yml:md5,dd7c9a4feb0c5710a638318159023030",
                    "versions.yml:md5,faeace3d7ca5ba5d9d9ebf3a48c43c24"
                ]
            }
        ],
        "meta": {
            "nf-test": "0.9.2",
            "nextflow": "25.04.4"
        },
        "timestamp": "2025-11-13T11:20:10.956311005"
    }
}