{
    "sopa_segment - tiff": {
        "content": [
            {
                "0": [
                    [
                        {
                            "id": "test"
                        },
                        "test.geojson:md5,68bf31a2b0ee7bd611fad6c5838c892f"
                    ]
                ],
                "1": [
                    [
                        {
                            "id": "test"
                        },
                        "test.html:md5,0b442aca5602727961bc4256b46ae130"
                    ]
                ],
                "2": [
                    "versions.yml:md5,4365d84aefd2e681fc09e75b49725961",
                    "versions.yml:md5,7bef09a7858e9f47bf9108e779ddc6a1",
                    "versions.yml:md5,b415dcdfef3ac4967a7682e2e03400d1",
                    "versions.yml:md5,dd7c9a4feb0c5710a638318159023030",
                    "versions.yml:md5,faeace3d7ca5ba5d9d9ebf3a48c43c24"
                ],
                "annotations": [
                    [
                        {
                            "id": "test"
                        },
                        "test.geojson:md5,68bf31a2b0ee7bd611fad6c5838c892f"
                    ]
                ],
                "report": [
                    [
                        {
                            "id": "test"
                        },
                        "test.html:md5,0b442aca5602727961bc4256b46ae130"
                    ]
                ],
                "versions": [
                    "versions.yml:md5,4365d84aefd2e681fc09e75b49725961",
                    "versions.yml:md5,7bef09a7858e9f47bf9108e779ddc6a1",
                    "versions.yml:md5,b415dcdfef3ac4967a7682e2e03400d1",
                    "versions.yml:md5,dd7c9a4feb0c5710a638318159023030",
                    "versions.yml:md5,faeace3d7ca5ba5d9d9ebf3a48c43c24"
                ]
            }
        ],
        "meta": {
            "nf-test": "0.9.2",
            "nextflow": "25.04.4"
        },
        "timestamp": "2025-09-12T14:01:28.674364601"
    }
}