{
    "aviti_stitchwell - two adjacent tiles": {
        "content": [
            [
                "versions.yml:md5,91435aaf6f1c86fcc3f1e923a78a3853"
            ]
        ],
        "meta": {
            "nf-test": "0.9.2",
            "nextflow": "25.04.4"
        },
        "timestamp": "2026-09-10T14:39:45.093345591"
    },
    "aviti_stitchwell - stub": {
        "content": [
            {
                "0": [
                    [
                        {
                            "id": "test__WellA1"
                        },
                        "test__WellA1_cell_stitched.tif:md5,d41d8cd98f00b204e9800998ecf8427e"
                    ]
                ],
                "1": [
                    [
                        {
                            "id": "test__WellA1"
                        },
                        "test__WellA1_nuclear_stitched.tif:md5,d41d8cd98f00b204e9800998ecf8427e"
                    ]
                ],
                "2": [
                    [
                        {
                            "id": "test__WellA1"
                        },
                        "test__WellA1_image_stitched.tif:md5,d41d8cd98f00b204e9800998ecf8427e"
                    ]
                ],
                "3": [
                    "versions.yml:md5,91435aaf6f1c86fcc3f1e923a78a3853"
                ],
                "cell_mask": [
                    [
                        {
                            "id": "test__WellA1"
                        },
                        "test__WellA1_cell_stitched.tif:md5,d41d8cd98f00b204e9800998ecf8427e"
                    ]
                ],
                "image": [
                    [
                        {
                            "id": "test__WellA1"
                        },
                        "test__WellA1_image_stitched.tif:md5,d41d8cd98f00b204e9800998ecf8427e"
                    ]
                ],
                "nuclear_mask": [
                    [
                        {
                            "id": "test__WellA1"
                        },
                        "test__WellA1_nuclear_stitched.tif:md5,d41d8cd98f00b204e9800998ecf8427e"
                    ]
                ],
                "versions": [
                    "versions.yml:md5,91435aaf6f1c86fcc3f1e923a78a3853"
                ]
            }
        ],
        "meta": {
            "nf-test": "0.9.2",
            "nextflow": "25.04.4"
        },
        "timestamp": "2026-09-10T14:41:16.448804349"
    }
}