{
    "mesmer_segment - tiff": {
        "content": [
            {
                "0": [
                    [
                        {
                            "id": "test"
                        },
                        "test.geojson:md5,b50e5ee696353e1ce8e7c64542ddcdfb"
                    ]
                ],
                "1": [
                    [
                        {
                            "id": "test"
                        },
                        "test_whole-cell.tiff:md5,44ffdcf115bfcffbcba7a03276e77561"
                    ]
                ],
                "2": [
                    [
                        {
                            "id": "test"
                        },
                        "test_nuclear.tiff:md5,07dc3d7f48a3ebf926fe82d6d68175af"
                    ]
                ],
                "3": [
                    [
                        {
                            "id": "test"
                        },
                        "test.html:md5,3ffbb37641227c0291fa47749cf9570b",
                        [
                            [
                                "channel_intensities-1.png:md5,b884bf99e04bddcc362849a5a240631f",
                                "compartment_measurements-1.png:md5,0614b9e9285a09a10b3c80df9b8f4733",
                                "unnamed-chunk-1-1.png:md5,5625fdcd08779d91722725303532f2ac"
                            ],
                            [
                                [
                                    "bootstrap-bb462d781dde1847d9e3ccf7736099dd.min.css:md5,bb462d781dde1847d9e3ccf7736099dd",
                                    "bootstrap-icons.css:md5,2318f137d201fbf51601fa0faba6bef7",
                                    "bootstrap-icons.woff:md5,1a51dfbe5467607389d603c02a77cd10",
                                    "bootstrap.min.js:md5,e2b09c06f0e714b6144a6788a28e3950"
                                ],
                                [
                                    "clipboard.min.js:md5,15f52a1ee547f2bdd46e56747332ca2d"
                                ],
                                [
                                    "anchor.min.js:md5,91bcf6cd1fd88fec3f109811e5fc3546",
                                    "popper.min.js:md5,3a4a291ccf3f1ea0f82b641542fd3827",
                                    "quarto-syntax-highlighting-c8ad9e5dbd60b7b70b38521ab19b7da4.css:md5,c8ad9e5dbd60b7b70b38521ab19b7da4",
                                    "quarto.js:md5,6f4245742deb3cc92337dbe2701ccfe1",
                                    [
                                        "tabsets.js:md5,e8d6a8862b33ccc461f8fd532e05b365"
                                    ],
                                    "tippy.css:md5,ebd6f8ce46a677e1a4f5f8a8317109a9",
                                    "tippy.umd.min.js:md5,d828775275749701b48bd9d958814111"
                                ]
                            ]
                        ]
                    ]
                ],
                "4": [
                    "versions.yml:md5,020f6b6c73631bfaf9a42689d3222190",
                    "versions.yml:md5,298b46e76bb2bff02f635a89d94acc79",
                    "versions.yml:md5,e41d97cd1e8534823a90cecf53db55f3",
                    "versions.yml:md5,ec8fbc92050f538763cdc496a2986c88"
                ],
                "annotations": [
                    [
                        {
                            "id": "test"
                        },
                        "test.geojson:md5,b50e5ee696353e1ce8e7c64542ddcdfb"
                    ]
                ],
                "nuclear_tif": [
                    [
                        {
                            "id": "test"
                        },
                        "test_nuclear.tiff:md5,07dc3d7f48a3ebf926fe82d6d68175af"
                    ]
                ],
                "report": [
                    [
                        {
                            "id": "test"
                        },
                        "test.html:md5,3ffbb37641227c0291fa47749cf9570b",
                        [
                            [
                                "channel_intensities-1.png:md5,b884bf99e04bddcc362849a5a240631f",
                                "compartment_measurements-1.png:md5,0614b9e9285a09a10b3c80df9b8f4733",
                                "unnamed-chunk-1-1.png:md5,5625fdcd08779d91722725303532f2ac"
                            ],
                            [
                                [
                                    "bootstrap-bb462d781dde1847d9e3ccf7736099dd.min.css:md5,bb462d781dde1847d9e3ccf7736099dd",
                                    "bootstrap-icons.css:md5,2318f137d201fbf51601fa0faba6bef7",
                                    "bootstrap-icons.woff:md5,1a51dfbe5467607389d603c02a77cd10",
                                    "bootstrap.min.js:md5,e2b09c06f0e714b6144a6788a28e3950"
                                ],
                                [
                                    "clipboard.min.js:md5,15f52a1ee547f2bdd46e56747332ca2d"
                                ],
                                [
                                    "anchor.min.js:md5,91bcf6cd1fd88fec3f109811e5fc3546",
                                    "popper.min.js:md5,3a4a291ccf3f1ea0f82b641542fd3827",
                                    "quarto-syntax-highlighting-c8ad9e5dbd60b7b70b38521ab19b7da4.css:md5,c8ad9e5dbd60b7b70b38521ab19b7da4",
                                    "quarto.js:md5,6f4245742deb3cc92337dbe2701ccfe1",
                                    [
                                        "tabsets.js:md5,e8d6a8862b33ccc461f8fd532e05b365"
                                    ],
                                    "tippy.css:md5,ebd6f8ce46a677e1a4f5f8a8317109a9",
                                    "tippy.umd.min.js:md5,d828775275749701b48bd9d958814111"
                                ]
                            ]
                        ]
                    ]
                ],
                "versions": [
                    "versions.yml:md5,020f6b6c73631bfaf9a42689d3222190",
                    "versions.yml:md5,298b46e76bb2bff02f635a89d94acc79",
                    "versions.yml:md5,e41d97cd1e8534823a90cecf53db55f3",
                    "versions.yml:md5,ec8fbc92050f538763cdc496a2986c88"
                ],
                "whole_cell_tif": [
                    [
                        {
                            "id": "test"
                        },
                        "test_whole-cell.tiff:md5,44ffdcf115bfcffbcba7a03276e77561"
                    ]
                ]
            }
        ],
        "meta": {
            "nf-test": "0.9.2",
            "nextflow": "25.04.4"
        },
        "timestamp": "2025-09-03T16:11:57.267893613"
    }
}