{
    "mesmer_segment - tiff": {
        "content": [
            {
                "0": [
                    [
                        {
                            "id": "test"
                        },
                        "test.geojson:md5,d51a705ac687c4a656ebcc8d724c6052"
                    ]
                ],
                "1": [
                    [
                        {
                            "id": "test"
                        },
                        "test_whole-cell.tiff:md5,44ffdcf115bfcffbcba7a03276e77561"
                    ]
                ],
                "2": [
                    [
                        {
                            "id": "test"
                        },
                        "test_nuclear.tiff:md5,07dc3d7f48a3ebf926fe82d6d68175af"
                    ]
                ],
                "3": [
                    [
                        {
                            "id": "test"
                        },
                        "test.html:md5,9231941bd758effaa075f90d7aaff27b"
                    ]
                ],
                "4": [
                    "versions.yml:md5,020f6b6c73631bfaf9a42689d3222190",
                    "versions.yml:md5,298b46e76bb2bff02f635a89d94acc79",
                    "versions.yml:md5,60bf93b7b4ea7fdb952a7ac0d03e5c84",
                    "versions.yml:md5,e41d97cd1e8534823a90cecf53db55f3",
                    "versions.yml:md5,ec8fbc92050f538763cdc496a2986c88"
                ],
                "annotations": [
                    [
                        {
                            "id": "test"
                        },
                        "test.geojson:md5,d51a705ac687c4a656ebcc8d724c6052"
                    ]
                ],
                "nuclear_tif": [
                    [
                        {
                            "id": "test"
                        },
                        "test_nuclear.tiff:md5,07dc3d7f48a3ebf926fe82d6d68175af"
                    ]
                ],
                "report": [
                    [
                        {
                            "id": "test"
                        },
                        "test.html:md5,9231941bd758effaa075f90d7aaff27b"
                    ]
                ],
                "versions": [
                    "versions.yml:md5,020f6b6c73631bfaf9a42689d3222190",
                    "versions.yml:md5,298b46e76bb2bff02f635a89d94acc79",
                    "versions.yml:md5,60bf93b7b4ea7fdb952a7ac0d03e5c84",
                    "versions.yml:md5,e41d97cd1e8534823a90cecf53db55f3",
                    "versions.yml:md5,ec8fbc92050f538763cdc496a2986c88"
                ],
                "whole_cell_tif": [
                    [
                        {
                            "id": "test"
                        },
                        "test_whole-cell.tiff:md5,44ffdcf115bfcffbcba7a03276e77561"
                    ]
                ]
            }
        ],
        "meta": {
            "nf-test": "0.9.2",
            "nextflow": "25.04.4"
        },
        "timestamp": "2025-10-13T20:52:09.173887234"
    }
}