{
    "extractmarkers - tiff - stub": {
        "content": [
            {
                "0": [
                    [
                        {
                            "id": "test"
                        },
                        "test_markers.csv:md5,d41d8cd98f00b204e9800998ecf8427e"
                    ]
                ],
                "1": [
                    "versions.yml:md5,e1cb9bf9ff95b194727697ba4789b26e"
                ],
                "markers": [
                    [
                        {
                            "id": "test"
                        },
                        "test_markers.csv:md5,d41d8cd98f00b204e9800998ecf8427e"
                    ]
                ],
                "versions": [
                    "versions.yml:md5,e1cb9bf9ff95b194727697ba4789b26e"
                ]
            }
        ],
        "meta": {
            "nf-test": "0.9.2",
            "nextflow": "25.04.4"
        },
        "timestamp": "2025-07-17T13:42:31.196455818"
    },
    "extractmarkers - tiff": {
        "content": [
            {
                "0": [
                    [
                        {
                            "id": "test"
                        },
                        "test_markers.csv:md5,fd8bd6d01b4babc40c6280697476e7f6"
                    ]
                ],
                "1": [
                    "versions.yml:md5,e1cb9bf9ff95b194727697ba4789b26e"
                ],
                "markers": [
                    [
                        {
                            "id": "test"
                        },
                        "test_markers.csv:md5,fd8bd6d01b4babc40c6280697476e7f6"
                    ]
                ],
                "versions": [
                    "versions.yml:md5,e1cb9bf9ff95b194727697ba4789b26e"
                ]
            }
        ],
        "meta": {
            "nf-test": "0.9.2",
            "nextflow": "25.04.4"
        },
        "timestamp": "2025-08-25T13:54:12.977209485"
    }
}